<?xml version="1.0" encoding="UTF-8"?>
<TestRun id="de8f296d-d45e-4bb0-adb1-654c33f01510" name="gareth@GARETH-PC 2014-06-08 13:12:06" runUser="GARETH-PC\gareth" xmlns="http://microsoft.com/schemas/VisualStudio/TeamTest/2010">
  <TestSettings name="Local" id="7b6251a2-aa50-44bd-9269-8640add2f1a0">
    <Description>These are default test settings for a local test run.</Description>
    <Deployment enabled="false" runDeploymentRoot="gareth_GARETH-PC 2014-06-08 13_12_06">
      <DeploymentItem filename="C:\Development\SchemaBackup\SchemaBackupLibrary\bin\Debug\SchemaBackup.Core.dll" />
      <DeploymentItem filename="C:\Development\SchemaBackup\SchemaBackup.Definitions\bin\Debug\SchemaBackup.Definitions.dll" />
    </Deployment>
    <Execution>
      <TestTypeSpecific />
      <AgentRule name="Execution Agents">
      </AgentRule>
    </Execution>
  </TestSettings>
  <Times creation="2014-06-08T13:12:06.5346968+01:00" queuing="2014-06-08T13:12:07.3146982+01:00" start="2014-06-08T13:12:07.3926983+01:00" finish="2014-06-08T13:12:08.3599000+01:00" />
  <ResultSummary outcome="Failed">
    <Counters total="1" executed="1" error="0" failed="1" timeout="0" aborted="0" inconclusive="0" passedButRunAborted="0" notRunnable="0" notExecuted="0" disconnected="0" warning="0" passed="0" completed="0" inProgress="0" pending="0" />
  </ResultSummary>
  <TestDefinitions>
    <UnitTest name="GetDatabaseObjects" storage="c:\development\schemabackup\schemabackup.tests\bin\debug\schemabackup.tests.dll" id="c2f86e70-9869-87fe-f47c-1591f950b431">
      <Execution id="68d1ad61-93ef-4a45-b2d2-636cb1c946ff" />
      <TestMethod codeBase="C:/Development/SchemaBackup/SchemaBackup.Tests/bin/Debug/SchemaBackup.Tests.DLL" adapterTypeName="Microsoft.VisualStudio.TestTools.TestTypes.Unit.UnitTestAdapter, Microsoft.VisualStudio.QualityTools.Tips.UnitTest.Adapter, Version=10.0.0.0, Culture=neutral, PublicKeyToken=b03f5f7f11d50a3a" className="SchemaBackup.Tests.UnitTest1, SchemaBackup.Tests, Version=1.0.0.0, Culture=neutral, PublicKeyToken=null" name="GetDatabaseObjects" />
    </UnitTest>
  </TestDefinitions>
  <TestLists>
    <TestList name="Results Not in a List" id="8c84fa94-04c1-424b-9868-57a2d4851a1d" />
    <TestList name="All Loaded Results" id="19431567-8539-422a-85d7-44ee4e166bda" />
  </TestLists>
  <TestEntries>
    <TestEntry testId="c2f86e70-9869-87fe-f47c-1591f950b431" executionId="68d1ad61-93ef-4a45-b2d2-636cb1c946ff" testListId="8c84fa94-04c1-424b-9868-57a2d4851a1d" />
  </TestEntries>
  <Results>
    <UnitTestResult executionId="68d1ad61-93ef-4a45-b2d2-636cb1c946ff" testId="c2f86e70-9869-87fe-f47c-1591f950b431" testName="GetDatabaseObjects" computerName="GARETH-PC" duration="00:00:00.4776786" startTime="2014-06-08T13:12:07.4082983+01:00" endTime="2014-06-08T13:12:08.3130999+01:00" testType="13cdc9d9-ddb5-4fa4-a97d-d965ccfc6d4b" outcome="Failed" testListId="8c84fa94-04c1-424b-9868-57a2d4851a1d" relativeResultsDirectory="68d1ad61-93ef-4a45-b2d2-636cb1c946ff">
      <Output>
        <ErrorInfo>
          <Message>Test method SchemaBackup.Tests.UnitTest1.GetDatabaseObjects threw exception: 
System.IO.DirectoryNotFoundException: Could not find a part of the path 'C:\SchemaBackupTemp\U\Album.sql'.</Message>
          <StackTrace>    at System.IO.__Error.WinIOError(Int32 errorCode, String maybeFullPath)
   at System.IO.FileStream.Init(String path, FileMode mode, FileAccess access, Int32 rights, Boolean useRights, FileShare share, Int32 bufferSize, FileOptions options, SECURITY_ATTRIBUTES secAttrs, String msgPath, Boolean bFromProxy, Boolean useLongPath, Boolean checkHost)
   at System.IO.FileStream..ctor(String path, FileMode mode, FileAccess access, FileShare share, Int32 bufferSize, FileOptions options, String msgPath, Boolean bFromProxy, Boolean useLongPath, Boolean checkHost)
   at System.IO.StreamWriter.CreateFile(String path, Boolean append, Boolean checkHost)
   at System.IO.StreamWriter..ctor(String path, Boolean append, Encoding encoding, Int32 bufferSize, Boolean checkHost)
   at System.IO.StreamWriter..ctor(String path, Boolean append)
   at System.IO.File.CreateText(String path)
   at SchemaBackup.Core.ObjectWriter..ctor(String fileName) in C:\Development\SchemaBackup\SchemaBackupLibrary\ObjectWriter.cs:line 20
   at SchemaBackup.Core.SchemaObject..ctor(String databaseConnectionStr, String workingPath, ObjectType objectType, String name) in C:\Development\SchemaBackup\SchemaBackupLibrary\SchemaObject.cs:line 20
   at SchemaBackup.Core.Schema.Process() in C:\Development\SchemaBackup\SchemaBackupLibrary\Schema.cs:line 69
   at SchemaBackup.Tests.UnitTest1.GetDatabaseObjects() in C:\Development\SchemaBackup\SchemaBackup.Tests\UnitTest1.cs:line 42
</StackTrace>
        </ErrorInfo>
      </Output>
    </UnitTestResult>
  </Results>
</TestRun>